app/api/admin/teachers/route.ts(5,24): error TS2305: Module '"@/lib/auth"' has no exported member 'verifyAccessToken'.
app/api/admin/teachers/route.ts(59,53): error TS2339: Property 'errors' does not exist on type 'ZodError<unknown>'.
app/api/appointments/book/route.ts(28,13): error TS2769: No overload matches this call.
  Overload 1 of 5, '(docs: { student?: ObjectIdQueryTypeCasting | undefined; teacher?: ObjectIdQueryTypeCasting | undefined; date?: DateQueryTypeCasting | undefined; ... 61 more ...; validateSync?: { ...; } | undefined; }[], options?: CreateOptions | undefined): Promise<...>', gave the following error.
    Object literal may only specify known properties, and 'student' does not exist in type '{ student?: ObjectIdQueryTypeCasting | undefined; teacher?: ObjectIdQueryTypeCasting | undefined; date?: DateQueryTypeCasting | undefined; ... 61 more ...; validateSync?: { ...; } | undefined; }[]'.
  Overload 2 of 5, '(doc: { student?: ObjectIdQueryTypeCasting | undefined; teacher?: ObjectIdQueryTypeCasting | undefined; date?: DateQueryTypeCasting | undefined; ... 61 more ...; validateSync?: { ...; } | undefined; }): Promise<...>', gave the following error.
    Type 'unknown' is not assignable to type 'ObjectIdQueryTypeCasting | undefined'.
  Overload 3 of 5, '(...docs: { student?: ObjectIdQueryTypeCasting | undefined; teacher?: ObjectIdQueryTypeCasting | undefined; date?: DateQueryTypeCasting | undefined; ... 61 more ...; validateSync?: { ...; } | undefined; }[]): Promise<...>', gave the following error.
    Type 'unknown' is not assignable to type 'ObjectIdQueryTypeCasting | undefined'.
app/api/auth/login/route.ts(57,53): error TS2339: Property 'errors' does not exist on type 'ZodError<unknown>'.
app/api/auth/register/route.ts(74,53): error TS2339: Property 'errors' does not exist on type 'ZodError<unknown>'.
app/api/students/appointments/route.ts(17,55): error TS2769: No overload matches this call.
  Overload 1 of 4, '(filter?: _QueryFilter<{ set: { <T extends string | number | symbol>(path: T, val: any, type: any, options?: DocumentSetOptions | undefined): IAppointment; (path: string | Record<...>, val: any, type: any, options?: DocumentSetOptions | undefined): IAppointment; (path: string | Record<...>, val: any, options?: DocumentSetOptions | undefined): IAppointment; (value: string | Record<...>): IAppointment; }; ... 225 more ...; "schema.virtualpath": (name: string) => VirtualType<...> | null; }> | undefined, projection?: ProjectionType<...> | ... 1 more ... | undefined, options?: (QueryOptions<...> & Abortable) | undefined): Query<...>', gave the following error.
    Type 'unknown' is not assignable to type 'Condition<ApplyBasicQueryCasting<ObjectId>> | undefined'.
  Overload 2 of 4, '(filter?: Query<any, any, {}, unknown, "find", Record<string, never>> | undefined, projection?: ProjectionType<IAppointment> | null | undefined, options?: (QueryOptions<...> & Abortable) | undefined): Query<...>', gave the following error.
    Object literal may only specify known properties, and 'student' does not exist in type 'Query<any, any, {}, unknown, "find", Record<string, never>>'.
app/api/teachers/appointments/route.ts(17,55): error TS2769: No overload matches this call.
  Overload 1 of 4, '(filter?: _QueryFilter<{ set: { <T extends string | number | symbol>(path: T, val: any, type: any, options?: DocumentSetOptions | undefined): IAppointment; (path: string | Record<...>, val: any, type: any, options?: DocumentSetOptions | undefined): IAppointment; (path: string | Record<...>, val: any, options?: DocumentSetOptions | undefined): IAppointment; (value: string | Record<...>): IAppointment; }; ... 225 more ...; "schema.virtualpath": (name: string) => VirtualType<...> | null; }> | undefined, projection?: ProjectionType<...> | ... 1 more ... | undefined, options?: (QueryOptions<...> & Abortable) | undefined): Query<...>', gave the following error.
    Type 'unknown' is not assignable to type 'Condition<ApplyBasicQueryCasting<ObjectId>> | undefined'.
  Overload 2 of 4, '(filter?: Query<any, any, {}, unknown, "find", Record<string, never>> | undefined, projection?: ProjectionType<IAppointment> | null | undefined, options?: (QueryOptions<...> & Abortable) | undefined): Query<...>', gave the following error.
    Object literal may only specify known properties, and 'teacher' does not exist in type 'Query<any, any, {}, unknown, "find", Record<string, never>>'.
app/api/teachers/appointments/route.ts(40,47): error TS2769: No overload matches this call.
  Overload 1 of 4, '(filter?: _QueryFilter<{ set: { <T extends string | number | symbol>(path: T, val: any, type: any, options?: DocumentSetOptions | undefined): IAppointment; (path: string | Record<...>, val: any, type: any, options?: DocumentSetOptions | undefined): IAppointment; (path: string | Record<...>, val: any, options?: DocumentSetOptions | undefined): IAppointment; (value: string | Record<...>): IAppointment; }; ... 225 more ...; "schema.virtualpath": (name: string) => VirtualType<...> | null; }> | undefined, projection?: ProjectionType<...> | ... 1 more ... | undefined, options?: (QueryOptions<...> & Abortable) | ... 1 more ... | undefined): Query<...>', gave the following error.
    Type 'unknown' is not assignable to type 'Condition<ApplyBasicQueryCasting<ObjectId>> | undefined'.
  Overload 2 of 4, '(filter?: Query<any, any, {}, unknown, "find", Record<string, never>> | undefined, projection?: ProjectionType<IAppointment> | null | undefined, options?: (QueryOptions<...> & Abortable) | ... 1 more ... | undefined): Query<...>', gave the following error.
    Object literal may only specify known properties, and '_id' does not exist in type 'Query<any, any, {}, unknown, "find", Record<string, never>>'.
app/api/teachers/availability/route.ts(17,53): error TS2769: No overload matches this call.
  Overload 1 of 4, '(filter?: _QueryFilter<{ set: { <T extends string | number | symbol>(path: T, val: any, type: any, options?: DocumentSetOptions | undefined): IAvailabilitySlot; (path: string | Record<...>, val: any, type: any, options?: DocumentSetOptions | undefined): IAvailabilitySlot; (path: string | Record<...>, val: any, options?: DocumentSetOptions | undefined): IAvailabilitySlot; (value: string | Record<...>): IAvailabilitySlot; }; ... 222 more ...; isBooked: boolean; }> | undefined, projection?: ProjectionType<...> | ... 1 more ... | undefined, options?: (QueryOptions<...> & Abortable) | undefined): Query<...>', gave the following error.
    Type 'unknown' is not assignable to type 'Condition<ApplyBasicQueryCasting<ObjectId>> | undefined'.
  Overload 2 of 4, '(filter?: Query<any, any, {}, unknown, "find", Record<string, never>> | undefined, projection?: ProjectionType<IAvailabilitySlot> | null | undefined, options?: (QueryOptions<...> & Abortable) | undefined): Query<...>', gave the following error.
    Object literal may only specify known properties, and 'teacher' does not exist in type 'Query<any, any, {}, unknown, "find", Record<string, never>>'.
app/api/teachers/availability/route.ts(37,13): error TS2769: No overload matches this call.
  Overload 1 of 5, '(docs: { teacher?: ObjectIdQueryTypeCasting | undefined; date?: DateQueryTypeCasting | undefined; startTime?: StringQueryTypeCasting | undefined; ... 58 more ...; validateSync?: { ...; } | undefined; }[], options?: CreateOptions | undefined): Promise<...>', gave the following error.
    Object literal may only specify known properties, and 'teacher' does not exist in type '{ teacher?: ObjectIdQueryTypeCasting | undefined; date?: DateQueryTypeCasting | undefined; startTime?: StringQueryTypeCasting | undefined; ... 58 more ...; validateSync?: { ...; } | undefined; }[]'.
  Overload 2 of 5, '(doc: { teacher?: ObjectIdQueryTypeCasting | undefined; date?: DateQueryTypeCasting | undefined; startTime?: StringQueryTypeCasting | undefined; ... 58 more ...; validateSync?: { ...; } | undefined; }): Promise<...>', gave the following error.
    Type 'unknown' is not assignable to type 'ObjectIdQueryTypeCasting | undefined'.
  Overload 3 of 5, '(...docs: { teacher?: ObjectIdQueryTypeCasting | undefined; date?: DateQueryTypeCasting | undefined; startTime?: StringQueryTypeCasting | undefined; ... 58 more ...; validateSync?: { ...; } | undefined; }[]): Promise<...>', gave the following error.
    Type 'unknown' is not assignable to type 'ObjectIdQueryTypeCasting | undefined'.
app/api/teachers/availability/route.ts(67,32): error TS2769: No overload matches this call.
  Overload 1 of 6, '(filter?: _QueryFilter<{ set: { <T extends string | number | symbol>(path: T, val: any, type: any, options?: DocumentSetOptions | undefined): IAvailabilitySlot; (path: string | Record<...>, val: any, type: any, options?: DocumentSetOptions | undefined): IAvailabilitySlot; (path: string | Record<...>, val: any, options?: DocumentSetOptions | undefined): IAvailabilitySlot; (value: string | Record<...>): IAvailabilitySlot; }; ... 222 more ...; isBooked: boolean; }> | null | undefined, options?: QueryOptions<...> | ... 1 more ... | undefined): Query<...>', gave the following error.
    Type 'unknown' is not assignable to type 'Condition<ApplyBasicQueryCasting<ObjectId>> | undefined'.
  Overload 2 of 6, '(filter?: Query<any, any, {}, unknown, "find", Record<string, never>> | null | undefined, options?: QueryOptions<IAvailabilitySlot> | null | undefined): Query<...>', gave the following error.
    Object literal may only specify known properties, and '_id' does not exist in type 'Query<any, any, {}, unknown, "find", Record<string, never>>'.
middleware.ts(3,10): error TS2305: Module '"./lib/auth"' has no exported member 'verifyAccessToken'.
